// Jest Snapshot v1, https://goo.gl/fbAQLP

exports[`renders correctly 1`] = `
<styled.h1
  css={Immutable.Map {}}
>
  Boilerplate
</styled.h1>
`;
