// Jest Snapshot v1, https://goo.gl/fbAQLP

exports[`renders correctly 1`] = `
<styled.button
  css={Immutable.Map {}}
>
  Boilerplate
</styled.button>
`;
