// Jest Snapshot v1, https://goo.gl/fbAQLP

exports[`renders correctly 1`] = `
<styled.div
  css={Immutable.Map {}}
>
  Boilerplate
</styled.div>
`;
