// Jest Snapshot v1, https://goo.gl/fbAQLP

exports[`renders correctly 1`] = `
<div>
  <h1
    className="sc-bdVaJa ibTDPh"
  >
    This is Boilerplate. ðŸ”¥
  </h1>
  <h2
    className="sc-bwzfXH bGgvvP"
  >
    Application state
  </h2>
  <div
    className="input-component"
  >
    <div
      className="input-container"
      style={null}
    >
      <input
        disabled={false}
        onBlur={[Function]}
        onChange={[Function]}
        onClick={undefined}
        onFocus={[Function]}
        onKeyDown={undefined}
        onKeyPress={undefined}
        onKeyUp={undefined}
        placeholder={undefined}
        style={Object {}}
        value=""
      />
    </div>
  </div>
  <button
    className="btn"
    disabled={undefined}
    onClick={[Function]}
    onMouseDown={undefined}
    onMouseEnter={undefined}
    onMouseLeave={undefined}
    onMouseOut={undefined}
    onMouseOver={undefined}
    onMouseUp={undefined}
    style={undefined}
    type="button"
  >
    <em>
      Start
    </em>
  </button>
  <button
    className="btn"
    disabled={undefined}
    onClick={[Function]}
    onMouseDown={undefined}
    onMouseEnter={undefined}
    onMouseLeave={undefined}
    onMouseOut={undefined}
    onMouseOver={undefined}
    onMouseUp={undefined}
    style={undefined}
    type="button"
  >
    <em>
      Stop
    </em>
  </button>
  <div>
    <code>
      {}
    </code>
  </div>
</div>
`;
